// Jest Snapshot v1, https://goo.gl/fbAQLP

exports[`<AuditStoreReportAttributesTable/> renders the report attributes in a table 1`] = `
<tbody>
  <tr>
    <td
      className="text-right"
    >
      Label One
      :
    </td>
    <td>
      Option Label 1
       (
      <a
        onClick={[Function]}
        style={Object {}}
      >
        change
      </a>
      )
    </td>
  </tr>
  <tr>
    <td
      className="text-right"
    >
      Label Two
      :
    </td>
    <td>
      
       (
      <a
        onClick={[Function]}
        style={Object {}}
      >
        change
      </a>
      )
    </td>
  </tr>
</tbody>
`;
