// Jest Snapshot v1, https://goo.gl/fbAQLP

exports[`<AuditCycleList/> renders a list of audit cycles 1`] = `
<div
  className="table-responsive"
>
  <h3
    className="page-header"
  >
    <a
      className="btn btn-default pull-right"
      onClick={[Function]}
      style={Object {}}
    >
      <span
        className="glyphicon glyphicon-plus"
      />
       Add Audit Cycle
    </a>
    <span
      className="glyphicon glyphicon-retweet"
    />
     Audit Cycles
  </h3>
  <table
    className="table table-striped"
  >
    <thead>
      <tr>
        <th>
          Cycle Name
        </th>
        <th>
          Start Date
        </th>
        <th>
          End Date
        </th>
        <th>
          Audit Type
        </th>
        <th>
          Questionnaire Type
        </th>
        <th>
          Audit Status
        </th>
        <th />
      </tr>
    </thead>
    <tbody />
  </table>
  <div
    className="text-center"
  />
</div>
`;
