// Jest Snapshot v1, https://goo.gl/fbAQLP

exports[`DownloadDetailsButton renders nothing when auditCyle is not provided 1`] = `null`;

exports[`DownloadDetailsButton renders the button with the generated link 1`] = `
<a
  href="/client/audit_cycle/1/audit_cycle_filtered_xlsx_report?city=2&state=&country=&priority=BAR&start_date=2018-06-01&end_date=2018-06-30&type=FOO&attribute=foo%3Abar"
>
  <h5>
    <b>
      Detailed Excel
    </b>
  </h5>
  <p
    className="text-muted"
  >
    Download all reports with complete answers and commentary.
  </p>
</a>
`;
