// Jest Snapshot v1, https://goo.gl/fbAQLP

exports[`StoreTypeSelector renders nothing when the types are less than two 1`] = `null`;

exports[`StoreTypeSelector renders the selector with nothing selected 1`] = `
<div
  style={
    Object {
      "display": "inline-block",
      "width": "200px",
    }
  }
>
   Store Type:
  <select
    className="form-control"
    onChange={[Function]}
    style={
      Object {
        "display": "inline-block",
        "width": "200px",
      }
    }
    value=""
  >
    <option
      value=""
    >
      All Types
    </option>
    <option
      value="Factory Outlet"
    >
      Factory Outlet
    </option>
    <option
      value="Express Store"
    >
      Express Store
    </option>
    <option
      value="Retail Outlet"
    >
      Retail Outlet
    </option>
  </select>
</div>
`;

exports[`StoreTypeSelector renders the selector with selected store_type 1`] = `
<div
  style={
    Object {
      "display": "inline-block",
      "width": "200px",
    }
  }
>
   Store Type:
  <select
    className="form-control"
    onChange={[Function]}
    style={
      Object {
        "display": "inline-block",
        "width": "200px",
      }
    }
    value="Factory Outlet"
  >
    <option
      value=""
    >
      All Types
    </option>
    <option
      value="Factory Outlet"
    >
      Factory Outlet
    </option>
    <option
      value="Express Store"
    >
      Express Store
    </option>
    <option
      value="Retail Outlet"
    >
      Retail Outlet
    </option>
  </select>
</div>
`;
