// Jest Snapshot v1, https://goo.gl/fbAQLP

exports[`StorePrioritySelector renders the selector with nothing selected 1`] = `
<div
  style={
    Object {
      "display": "inline-block",
      "width": "200px",
    }
  }
>
   Store Priority:
  <select
    className="form-control"
    onChange={[Function]}
    style={
      Object {
        "display": "inline-block",
        "width": "200px",
      }
    }
    value=""
  >
    <option
      value=""
    >
      All Priorities
    </option>
    <option
      value="HIGH"
    >
      HIGH
    </option>
    <option
      value="MEDIUM"
    >
      MEDIUM
    </option>
    <option
      value="LOW"
    >
      LOW
    </option>
  </select>
</div>
`;

exports[`StorePrioritySelector renders the selector with selected store_priority 1`] = `
<div
  style={
    Object {
      "display": "inline-block",
      "width": "200px",
    }
  }
>
   Store Priority:
  <select
    className="form-control"
    onChange={[Function]}
    style={
      Object {
        "display": "inline-block",
        "width": "200px",
      }
    }
    value="HIGH"
  >
    <option
      value=""
    >
      All Priorities
    </option>
    <option
      value="HIGH"
    >
      HIGH
    </option>
    <option
      value="MEDIUM"
    >
      MEDIUM
    </option>
    <option
      value="LOW"
    >
      LOW
    </option>
  </select>
</div>
`;
