// Jest Snapshot v1, https://goo.gl/fbAQLP

exports[`<__AuditorComment/> when auditor comment is editable renders a comment correctly 1`] = `
<div>
  <p>
    <b>
      Section Summary:
    </b>
     
  </p>
  <grammarly-editor-plugin
    autodetect="on"
    clientId="client_WpuFqThfMu4rQ4hTvbnDww"
  >
    <input
      className="form-control"
      name="auditorComment"
      onBlur={[Function]}
      onChange={[Function]}
      placeholder="type out your relevant experience here in a few sentences"
      value="Hello World"
    />
  </grammarly-editor-plugin>
</div>
`;

exports[`<__AuditorComment/> when auditor comment is not editable renders a comment correctly 1`] = `
<div>
  <p>
    <b>
      Section Summary:
    </b>
     
  </p>
  <p>
    Hello World
  </p>
</div>
`;
