// Jest Snapshot v1, https://goo.gl/fbAQLP

exports[`<AuditStoreDetailsBox/> renders the AuditStoreDetailsBox table correctly 1`] = `
<div
  className="panel panel-primary"
>
  <div
    className="panel-heading"
  >
    <h4
      className="panel-title"
    >
      <span
        className="glyphicon glyphicon-file"
      />
       Audit Details
    </h4>
  </div>
  <table
    className="table table-striped"
  >
    <tbody>
      <tr>
        <td
          className="text-right"
        >
          Client:
        </td>
        <th>
          Smaaash
        </th>
      </tr>
      <tr>
        <td
          className="text-right"
        >
          Store:
        </td>
        <th>
          Bengaluru 1MG
        </th>
      </tr>
      <tr>
        <td
          className="text-right"
        >
          Store Type:
        </td>
        <th>
          Arena
        </th>
      </tr>
      <tr>
        <td
          className="text-right"
        >
          Audit Type:
        </td>
        <th>
          Walkin
        </th>
      </tr>
      <tr>
        <td
          className="text-right"
        >
          Address:
        </td>
        <th>
          2nd Floor, 1MG-Lido Mall, Trinity Circle, Bangalore
        </th>
      </tr>
      <tr>
        <td
          className="text-right"
        >
          Audit Date:
        </td>
        <th>
          17th Feb 2018
        </th>
      </tr>
      <tr>
        <td
          className="text-right"
        >
          Overall Experience:
        </td>
        <th>
          %
        </th>
      </tr>
    </tbody>
  </table>
</div>
`;
