// Jest Snapshot v1, https://goo.gl/fbAQLP

exports[`Dashboard renders the tab strip and a loading sign when no questionnaire type is selected 1`] = `
<div>
  <Connect(QuestionnaireTypeTabsForDashboard) />
  <Loading />
  <hr />
  <Connect(AuditCycleSelectorForDashboard) />
  <hr />
  <Loading />
</div>
`;

exports[`Dashboard renders the tab strip and charts with the selected questionnaire type 1`] = `
<div>
  <Connect(QuestionnaireTypeTabsForDashboard) />
  <Loading />
  <hr />
  <Connect(AuditCycleSelectorForDashboard) />
  <hr />
  <Loading />
</div>
`;
