// Jest Snapshot v1, https://goo.gl/fbAQLP

exports[`<Footer/> renders the footer 1`] = `
<div
  className="col-xs-12"
>
  <hr />
  <p
    className="text-center"
  >
    <img
      src="test-file-stub"
      style={
        Object {
          "height": "40px",
        }
      }
    />
  </p>
  <p
    className="text-center text-muted small"
  >
    <a
      href="https://floorwalk.in"
    >
      floorwalk.in
    </a>
     | 
    <a
      href="mailto:support@floorwalk.in"
    >
      support@floorwalk.in
    </a>
     | 
    <a
      href="https://twitter.com/kronos"
    >
      @
      KronosIndia
    </a>
     |  v
    1.0.0
  </p>
  <p
    className="text-center text-muted small"
  >
    Kronos
     © 2014 to Present
  </p>
</div>
`;
